// Jest Snapshot v1, https://goo.gl/fbAQLP

exports[`App will match snapshot 1`] = `
<div>
  <div
    class="App"
  >
    <div>
      <h1>
        Login Page
      </h1>
      <div
        class="container"
      >
        <form
          class="login-form"
          novalidate=""
        >
          <h3>
            Login
          </h3>
          <hr />
          <div
            class="mb-3 input-group has-validation"
          >
            <span
              class="input-group-text"
            >
              Login
            </span>
            <input
              class="form-control"
              id="username-input"
              placeholder="Username"
              required=""
              value=""
            />
            <div
              class="invalid-feedback"
            >
              Please choose a username.
            </div>
          </div>
          <div
            class="mb-3 input-group has-validation"
          >
            <span
              class="input-group-text"
            >
              Password
            </span>
            <input
              class="form-control"
              id="password-input"
              placeholder="Password"
              required=""
              type="password"
              value=""
            />
            <div
              class="invalid-feedback"
            >
              Please choose a password.
            </div>
          </div>
          <hr />
          <button
            class="ms-auto btn btn-dark"
            id="login-button"
            type="submit"
          >
            Login
          </button>
        </form>
        <br />
        <div
          class="hint-text"
        >
          Use 
          <strong>
            tylermcginnis
          </strong>
           as the username and 
          <strong>
            abc321
          </strong>
           for the password
        </div>
      </div>
    </div>
  </div>
</div>
`;
